
> @dreamnet/monorepo@1.0.0 test:immune-swarm C:\dev\dream-net
> tsx scripts/test-immune-swarm.ts

