≡ƒ¢á∩╕Å [Test] Starting Agent Foundry Test...
[AI Foundry] Forging LIGHT Mech Suit for Pilot: Kitsune-Core...
[AI Foundry] Forging blueprint for: agent_agency...
[AI Foundry] Forging LIGHT Mech Suit for Pilot: Kraken-Reach...
[AI Foundry] Forging blueprint for: agent_agency...
≡ƒº¬ [Test] Parents Forged: Kitsune-Core_LIGHT_SUIT Kraken-Reach_LIGHT_SUIT
[AI Foundry] Incubating Chimera: Kitsune-Core + Kraken-Reach...
[AI Foundry] Forging blueprint for: evolution...
≡ƒº¼ [Test] Hybrid Blueprint Created: DN-EVOLUTION-759
≡ƒº¼ [Test] Hybrid Lineage: {"parentA":{"name":"Kitsune-Core","traits":["sovereign","metabolic","autonomous","efficient"]},"parentB":{"name":"Kraken-Reach","traits":["sovereign","metabolic","autonomous","efficient"]},"generation":2}
≡ƒô£ [Test] Hybrid System Prompt: You are Kitsune-Kraken-Chimera. You possess the sovereignty of Kitsune-Core and the precision of Kraken-Reach.
        Your core traits are: sovereign, metabolic, autonomous.
        Hidden undertones: efficient, sovereign.
        Mission: Evolve beyond your lineage.
≡ƒÅ¡ [Test] Running Production for Hybrid...
[AI Factory] Initiating production: DN-EVOLUTION-759...
node.exe : [AI Factory] Production failed for 
DN-EVOLUTION-759: Error [ERR_MODULE_NOT_FOUND]: 
Cannot find package 
'@dreamnet/circulatory-dream-state-core' 
imported from C:\dev\dream-net\packages\organs\in
tegumentary\server\src\agents\core\SwarmPheromone
Service.ts
At line:1 char:1
+ & "C:\Program Files\nodejs/node.exe" 
"C:\Program Files\nodejs/node_mo ...
+ ~~~~~~~~~~~~~~~~~~~~~~~~~~~~~~~~~~~~~~~~~~~~~~~
~~~~~~~~~~~~~~~~~~~~~~
    + CategoryInfo          : NotSpecified: ([AI 
F    actory] Pr...omoneService.ts:String) [], 
Remot    eException
    + FullyQualifiedErrorId : NativeCommandError
 
    at Object.getPackageJSONURL 
(node:internal/modules/package_json_reader:255:9)
    at packageResolve 
(node:internal/modules/esm/resolve:767:81)
    at moduleResolve 
(node:internal/modules/esm/resolve:853:18)
    at defaultResolve 
(node:internal/modules/esm/resolve:983:11)
    at nextResolve 
(node:internal/modules/esm/hooks:748:28)
    at resolveBase (file:///C:/dev/dream-net/node
_modules/tsx/dist/esm/index.mjs?1770188530950:2:3
744)
    at resolveDirectory (file:///C:/dev/dream-net
/node_modules/tsx/dist/esm/index.mjs?177018853095
0:2:4243)
    at resolveTsPaths (file:///C:/dev/dream-net/n
ode_modules/tsx/dist/esm/index.mjs?1770188530950:
2:4984)
    at async resolve (file:///C:/dev/dream-net/no
de_modules/tsx/dist/esm/index.mjs?1770188530950:2
:5355)
    at async nextResolve 
(node:internal/modules/esm/hooks:748:22) {
  code: 'ERR_MODULE_NOT_FOUND'
}
Γ¥î [Test] Hybrid Production FAILED.
